<?xml version="1.0" encoding="utf-8"?><testsuites name="pytest tests"><testsuite name="pytest" errors="0" failures="0" skipped="0" tests="6" time="11.517" timestamp="2026-04-10T10:54:33.444242+02:00" hostname="DESKTOP-RE9FRD8"><testcase classname="test_main" name="test_get_ingredients" time="0.022" /><testcase classname="test_main" name="test_get_ingredients_file_does_not_exists" time="0.007" /><testcase classname="test_main" name="test_get_ingredients_file_empty" time="0.007" /><testcase classname="test_main" name="test_make_smoothie_prints_added_ingredients_version_1" time="3.028" /><testcase classname="test_main" name="test_make_smoothie_prints_added_ingredients_version_2" time="3.033" /><testcase classname="test_main" name="test_make_smoothie_prints_a_joke" time="0.026" /></testsuite></testsuites>